21:00:05
38178   0.0  55504 411432768
21:00:06
38178  65.9  61968 411432768
21:00:07
38178 233.4  64304 411433344
21:00:08
38178 309.4  74848 411472240
21:00:09
38178  37.0 149520 412308480
21:00:10
38178   3.3 149904 412308480
21:00:11
38178   5.9 150288 412308480
21:00:12
38178   4.2 150544 412308480
21:00:13
38178   5.2 150816 412308480
21:00:14
38178   3.5 151712 412308480
21:00:15
38178   6.0 152560 412308480
21:00:16
38178   4.8 153232 412308480
21:00:17
38178   6.7 154144 412308512
21:00:19
38178   6.5 154944 412308512
21:00:20
38178   5.2 155776 412308512
21:00:21
38178  10.0 171904 412308768
21:00:22
38178   0.1 171920 412308768
21:00:23
38178   0.0 171920 412308768
