21:01:39
39084   0.0  14240 411361168
21:01:40
39084  26.5  42848 411366496
21:01:42
39084 127.1  66016 411372928
21:01:43
39084 254.1  82480 411444496
21:01:44
39084 264.1 100256 411533440
21:01:45
39084 169.1 266976 413137216
21:01:46
39084  19.0 266496 413159888
21:01:47
39084   2.6 261248 413160464
21:01:48
39084   3.5 261760 413160464
21:01:49
39084   1.0 262384 413160464
21:01:50
39084   2.8 262992 413160464
21:01:51
39084   4.3 263632 413160464
21:01:52
39084   4.5 264304 413160464
21:01:53
39084   4.2 264976 413160464
21:01:54
39084   1.9 265840 413160464
21:01:55
39084   2.5 266448 413160464
21:01:56
39084   3.0 267024 413160464
21:01:57
39084   3.6 267584 413160464
21:01:58
39084   8.2 297600 413226336
21:01:59
39084   0.2 297600 413226336
21:02:00
39084   0.0 297184 413226336
21:02:01
39084   0.0 294816 413226336
